Release 14.7 - xst P.20131013 (lin64)
Copyright (c) 1995-2013 Xilinx, Inc.  All rights reserved.
--> 
Parameter TMPDIR set to xst/projnav.tmp


Total REAL time to Xst completion: 0.00 secs
Total CPU time to Xst completion: 0.12 secs
 
--> 
Parameter xsthdpdir set to xst


Total REAL time to Xst completion: 0.00 secs
Total CPU time to Xst completion: 0.12 secs
 
--> 
Reading design: FlipJK.prj

TABLE OF CONTENTS
  1) Synthesis Options Summary
  2) HDL Parsing
  3) HDL Elaboration
  4) HDL Synthesis
       4.1) HDL Synthesis Report
  5) Advanced HDL Synthesis
       5.1) Advanced HDL Synthesis Report
  6) Low Level Synthesis
  7) Partition Report
  8) Design Summary
       8.1) Primitive and Black Box Usage
       8.2) Device utilization summary
       8.3) Partition Resource Summary
       8.4) Timing Report
            8.4.1) Clock Information
            8.4.2) Asynchronous Control Signals Information
            8.4.3) Timing Summary
            8.4.4) Timing Details
            8.4.5) Cross Clock Domains Report


=========================================================================
*                      Synthesis Options Summary                        *
=========================================================================
---- Source Parameters
Input File Name                    : "FlipJK.prj"
Ignore Synthesis Constraint File   : NO

---- Target Parameters
Output File Name                   : "FlipJK"
Output Format                      : NGC
Target Device                      : xc6slx9-3-csg324

---- Source Options
Top Module Name                    : FlipJK
Automatic FSM Extraction           : YES
FSM Encoding Algorithm             : Auto
Safe Implementation                : No
FSM Style                          : LUT
RAM Extraction                     : Yes
RAM Style                          : Auto
ROM Extraction                     : Yes
Shift Register Extraction          : YES
ROM Style                          : Auto
Resource Sharing                   : YES
Asynchronous To Synchronous        : NO
Shift Register Minimum Size        : 2
Use DSP Block                      : Auto
Automatic Register Balancing       : No

---- Target Options
LUT Combining                      : Auto
Reduce Control Sets                : Auto
Add IO Buffers                     : YES
Global Maximum Fanout              : 100000
Add Generic Clock Buffer(BUFG)     : 16
Register Duplication               : YES
Optimize Instantiated Primitives   : NO
Use Clock Enable                   : Auto
Use Synchronous Set                : Auto
Use Synchronous Reset              : Auto
Pack IO Registers into IOBs        : Auto
Equivalent register Removal        : YES

---- General Options
Optimization Goal                  : Speed
Optimization Effort                : 1
Power Reduction                    : NO
Keep Hierarchy                     : No
Netlist Hierarchy                  : As_Optimized
RTL Output                         : Yes
Global Optimization                : AllClockNets
Read Cores                         : YES
Write Timing Constraints           : NO
Cross Clock Analysis               : NO
Hierarchy Separator                : /
Bus Delimiter                      : <>
Case Specifier                     : Maintain
Slice Utilization Ratio            : 100
BRAM Utilization Ratio             : 100
DSP48 Utilization Ratio            : 100
Auto BRAM Packing                  : NO
Slice Utilization Ratio Delta      : 5

=========================================================================


=========================================================================
*                          HDL Parsing                                  *
=========================================================================
Analyzing Verilog file "/home/ise/Programas_FPGA/FLipjk/Flipjk.v" into library work
Parsing module <FlipJK>.

=========================================================================
*                            HDL Elaboration                            *
=========================================================================

Elaborating module <FlipJK>.
WARNING:HDLCompiler:413 - "/home/ise/Programas_FPGA/FLipjk/Flipjk.v" Line 33: Result of 28-bit expression is truncated to fit in 27-bit target.

=========================================================================
*                           HDL Synthesis                               *
=========================================================================

Synthesizing Unit <FlipJK>.
    Related source file is "/home/ise/Programas_FPGA/FLipjk/Flipjk.v".
    Found 1-bit register for signal <clk_out>.
    Found 1-bit register for signal <Q>.
    Found 27-bit register for signal <count>.
    Found 27-bit adder for signal <count[26]_GND_1_o_add_1_OUT> created at line 33.
    Summary:
	inferred   1 Adder/Subtractor(s).
	inferred  29 D-type flip-flop(s).
Unit <FlipJK> synthesized.

=========================================================================
HDL Synthesis Report

Macro Statistics
# Adders/Subtractors                                   : 1
 27-bit adder                                          : 1
# Registers                                            : 3
 1-bit register                                        : 2
 27-bit register                                       : 1

=========================================================================

=========================================================================
*                       Advanced HDL Synthesis                          *
=========================================================================


Synthesizing (advanced) Unit <FlipJK>.
The following registers are absorbed into counter <count>: 1 register on signal <count>.
Unit <FlipJK> synthesized (advanced).

=========================================================================
Advanced HDL Synthesis Report

Macro Statistics
# Counters                                             : 1
 27-bit up counter                                     : 1
# Registers                                            : 2
 Flip-Flops                                            : 2

=========================================================================

=========================================================================
*                         Low Level Synthesis                           *
=========================================================================

Optimizing unit <FlipJK> ...
WARNING:Xst:1293 - FF/Latch <count_26> has a constant value of 0 in block <FlipJK>. This FF/Latch will be trimmed during the optimization process.

Mapping all equations...
Building and optimizing final netlist ...
Found area constraint ratio of 100 (+ 5) on block FlipJK, actual ratio is 0.

Final Macro Processing ...

=========================================================================
Final Register Report

Macro Statistics
# Registers                                            : 28
 Flip-Flops                                            : 28

=========================================================================

=========================================================================
*                           Partition Report                            *
=========================================================================

Partition Implementation Status
-------------------------------

  No Partitions were found in this design.

-------------------------------

=========================================================================
*                            Design Summary                             *
=========================================================================

Top Level Output File Name         : FlipJK.ngc

Primitive and Black Box Usage:
------------------------------
# BELS                             : 120
#      GND                         : 1
#      INV                         : 2
#      LUT1                        : 25
#      LUT2                        : 28
#      LUT4                        : 2
#      LUT6                        : 10
#      MUXCY                       : 25
#      VCC                         : 1
#      XORCY                       : 26
# FlipFlops/Latches                : 28
#      FD                          : 28
# Clock Buffers                    : 1
#      BUFGP                       : 1
# IO Buffers                       : 4
#      IBUF                        : 2
#      OBUF                        : 2

Device utilization summary:
---------------------------

Selected Device : 6slx9csg324-3 


Slice Logic Utilization: 
 Number of Slice Registers:              28  out of  11440     0%  
 Number of Slice LUTs:                   67  out of   5720     1%  
    Number used as Logic:                67  out of   5720     1%  

Slice Logic Distribution: 
 Number of LUT Flip Flop pairs used:     67
   Number with an unused Flip Flop:      39  out of     67    58%  
   Number with an unused LUT:             0  out of     67     0%  
   Number of fully used LUT-FF pairs:    28  out of     67    41%  
   Number of unique control sets:         1

IO Utilization: 
 Number of IOs:                           5
 Number of bonded IOBs:                   5  out of    200     2%  

Specific Feature Utilization:
 Number of BUFG/BUFGCTRLs:                1  out of     16     6%  

---------------------------
Partition Resource Summary:
---------------------------

  No Partitions were found in this design.

---------------------------


=========================================================================
Timing Report

NOTE: THESE TIMING NUMBERS ARE ONLY A SYNTHESIS ESTIMATE.
      FOR ACCURATE TIMING INFORMATION PLEASE REFER TO THE TRACE REPORT
      GENERATED AFTER PLACE-and-ROUTE.

Clock Information:
------------------
-----------------------------------+------------------------+-------+
Clock Signal                       | Clock buffer(FF name)  | Load  |
-----------------------------------+------------------------+-------+
clk                                | BUFGP                  | 28    |
-----------------------------------+------------------------+-------+

Asynchronous Control Signals Information:
----------------------------------------
No asynchronous control signals found in this design

Timing Summary:
---------------
Speed Grade: -3

   Minimum period: 4.061ns (Maximum Frequency: 246.224MHz)
   Minimum input arrival time before clock: 4.699ns
   Maximum output required time after clock: 4.453ns
   Maximum combinational path delay: No path found

Timing Details:
---------------
All values displayed in nanoseconds (ns)

=========================================================================
Timing constraint: Default period analysis for Clock 'clk'
  Clock period: 4.061ns (frequency: 246.224MHz)
  Total number of paths / destination ports: 1136 / 28
-------------------------------------------------------------------------
Delay:               4.061ns (Levels of Logic = 3)
  Source:            count_8 (FF)
  Destination:       Q (FF)
  Source Clock:      clk rising
  Destination Clock: clk rising

  Data Path: count_8 to Q
                                Gate     Net
    Cell:in->out      fanout   Delay   Delay  Logical Name (Net Name)
    ----------------------------------------  ------------
     FD:C->Q               2   0.447   0.981  count_8 (count_8)
     LUT6:I0->O            5   0.203   0.962  GND_1_o_GND_1_o_equal_3_o<26>4 (GND_1_o_GND_1_o_equal_3_o<26>3)
     LUT6:I2->O           14   0.203   0.958  GND_1_o_GND_1_o_equal_3_o<26>5 (GND_1_o_GND_1_o_equal_3_o)
     LUT6:I5->O            1   0.205   0.000  Q_rstpot (Q_rstpot)
     FD:D                      0.102          Q
    ----------------------------------------
    Total                      4.061ns (1.160ns logic, 2.901ns route)
                                       (28.6% logic, 71.4% route)

=========================================================================
Timing constraint: Default OFFSET IN BEFORE for Clock 'clk'
  Total number of paths / destination ports: 6 / 1
-------------------------------------------------------------------------
Offset:              4.699ns (Levels of Logic = 4)
  Source:            K (PAD)
  Destination:       Q (FF)
  Destination Clock: clk rising

  Data Path: K to Q
                                Gate     Net
    Cell:in->out      fanout   Delay   Delay  Logical Name (Net Name)
    ----------------------------------------  ------------
     IBUF:I->O             3   1.222   0.898  K_IBUF (K_IBUF)
     LUT4:I0->O            1   0.203   0.924  GND_1_o_GND_1_o_equal_3_o<26>5_SW1 (N7)
     LUT6:I1->O            1   0.203   0.944  _n00321 (_n0032)
     LUT6:I0->O            1   0.203   0.000  Q_rstpot (Q_rstpot)
     FD:D                      0.102          Q
    ----------------------------------------
    Total                      4.699ns (1.933ns logic, 2.766ns route)
                                       (41.1% logic, 58.9% route)

=========================================================================
Timing constraint: Default OFFSET OUT AFTER for Clock 'clk'
  Total number of paths / destination ports: 2 / 2
-------------------------------------------------------------------------
Offset:              4.453ns (Levels of Logic = 2)
  Source:            Q (FF)
  Destination:       Qn (PAD)
  Source Clock:      clk rising

  Data Path: Q to Qn
                                Gate     Net
    Cell:in->out      fanout   Delay   Delay  Logical Name (Net Name)
    ----------------------------------------  ------------
     FD:C->Q               3   0.447   0.650  Q (Q_OBUF)
     INV:I->O              1   0.206   0.579  Qn1_INV_0 (Qn_OBUF)
     OBUF:I->O                 2.571          Qn_OBUF (Qn)
    ----------------------------------------
    Total                      4.453ns (3.224ns logic, 1.229ns route)
                                       (72.4% logic, 27.6% route)

=========================================================================

Cross Clock Domains Report:
--------------------------

Clock to Setup on destination clock clk
---------------+---------+---------+---------+---------+
               | Src:Rise| Src:Fall| Src:Rise| Src:Fall|
Source Clock   |Dest:Rise|Dest:Rise|Dest:Fall|Dest:Fall|
---------------+---------+---------+---------+---------+
clk            |    4.061|         |         |         |
---------------+---------+---------+---------+---------+

=========================================================================


Total REAL time to Xst completion: 8.00 secs
Total CPU time to Xst completion: 6.67 secs
 
--> 


Total memory usage is 386376 kilobytes

Number of errors   :    0 (   0 filtered)
Number of warnings :    2 (   0 filtered)
Number of infos    :    0 (   0 filtered)

